Running Gradle task 'assembleDebug'...                            150.9s
ΓêÜ Built build\app\outputs\flutter-apk\app-debug.apk
